# University Map list of nodes testing file.
# Tests that a list of nodes in map can be computed

# Create a graph
created graph map1

# Add a pair of nodes
added node n1 to map1
added node n2 to map1
added node n3 to map1

# Finds the nodes of map1
the nodes in map1 are: n1 n2 n3
