# University Map Children of Node testing file.
# Tests that a list of destinations from a node can be computed

# Finds the children of node A
the children of parentNode in map1 are: Node B

# Finds the children of node B
the children of parentNode in map1 are: Node A
