# University Map Contains Node testing file.
# Tests whether a Node is contained in the university map

# checks whether building A exists in UnivMap
map1 contains: A

# checks whether building B exists in UnivMap
map1 contains: B
