# University Map new Node creation testing file.
# Tests that a single node can be created/added to the university map

# Create a graph
created graph map1

# Add a pair of nodes
added node n1 to map1
added node n2 to map1
