# University Map Creation testing file.
# Tests that a UnivMap can be created

# Create a graph
created UnivMap map1
